src/lib/blog-data.ts(1,28): error TS1127: Invalid character.
src/lib/blog-data.ts(1,29): error TS1131: Property or signature expected.
src/lib/blog-data.ts(1,47): error TS1127: Invalid character.
src/lib/blog-data.ts(1,48): error TS1434: Unexpected keyword or identifier.
src/lib/blog-data.ts(1,67): error TS1127: Invalid character.
src/lib/blog-data.ts(1,68): error TS1434: Unexpected keyword or identifier.
src/lib/blog-data.ts(1,91): error TS1127: Invalid character.
src/lib/blog-data.ts(1,92): error TS1434: Unexpected keyword or identifier.
src/lib/blog-data.ts(1,110): error TS1127: Invalid character.
src/lib/blog-data.ts(1,111): error TS1434: Unexpected keyword or identifier.
src/lib/blog-data.ts(1,133): error TS1127: Invalid character.
src/lib/blog-data.ts(1,134): error TS1434: Unexpected keyword or identifier.
src/lib/blog-data.ts(1,155): error TS1127: Invalid character.
src/lib/blog-data.ts(1,156): error TS1434: Unexpected keyword or identifier.
src/lib/blog-data.ts(1,177): error TS1127: Invalid character.
src/lib/blog-data.ts(1,178): error TS1434: Unexpected keyword or identifier.
src/lib/blog-data.ts(1,199): error TS1127: Invalid character.
src/lib/blog-data.ts(1,200): error TS1434: Unexpected keyword or identifier.
src/lib/blog-data.ts(1,219): error TS1127: Invalid character.
src/lib/blog-data.ts(1,220): error TS1434: Unexpected keyword or identifier.
src/lib/blog-data.ts(1,241): error TS1127: Invalid character.
src/lib/blog-data.ts(1,242): error TS1434: Unexpected keyword or identifier.
src/lib/blog-data.ts(1,257): error TS1109: Expression expected.
src/lib/blog-data.ts(1,266): error TS1011: An element access expression should take an argument.
src/lib/blog-data.ts(1,268): error TS1127: Invalid character.
src/lib/blog-data.ts(1,269): error TS1434: Unexpected keyword or identifier.
src/lib/blog-data.ts(1,279): error TS1109: Expression expected.
src/lib/blog-data.ts(1,299): error TS1005: ',' expected.
src/lib/blog-data.ts(1,318): error TS1011: An element access expression should take an argument.
src/lib/blog-data.ts(1,320): error TS1127: Invalid character.
src/lib/blog-data.ts(1,321): error TS1434: Unexpected keyword or identifier.
src/lib/blog-data.ts(1,335): error TS1109: Expression expected.
src/lib/blog-data.ts(1,344): error TS1127: Invalid character.
src/lib/blog-data.ts(1,346): error TS1128: Declaration or statement expected.
src/lib/blog-data.ts(1,347): error TS1127: Invalid character.
src/lib/blog-data.ts(1,349): error TS1127: Invalid character.
src/lib/blog-data.ts(1,350): error TS1435: Unknown keyword or identifier. Did you mean 'export'?
src/lib/blog-data.ts(1,389): error TS1127: Invalid character.
src/lib/blog-data.ts(1,395): error TS1005: ',' expected.
src/lib/blog-data.ts(1,396): error TS1127: Invalid character.
src/lib/blog-data.ts(1,406): error TS1005: ',' expected.
src/lib/blog-data.ts(1,445): error TS1127: Invalid character.
src/lib/blog-data.ts(1,455): error TS1005: ',' expected.
src/lib/blog-data.ts(1,529): error TS1127: Invalid character.
src/lib/blog-data.ts(1,539): error TS1005: ',' expected.
src/lib/blog-data.ts(1,619): error TS1127: Invalid character.
src/lib/blog-data.ts(1,629): error TS1005: ',' expected.
src/lib/blog-data.ts(1,649): error TS1127: Invalid character.
src/lib/blog-data.ts(1,659): error TS1005: ',' expected.
src/lib/blog-data.ts(1,681): error TS1127: Invalid character.
src/lib/blog-data.ts(1,691): error TS1005: ',' expected.
src/lib/blog-data.ts(1,876): error TS1127: Invalid character.
src/lib/blog-data.ts(1,886): error TS1005: ',' expected.
src/lib/blog-data.ts(1,50545): error TS1127: Invalid character.
src/lib/blog-data.ts(1,50555): error TS1005: ',' expected.
src/lib/blog-data.ts(1,50701): error TS1127: Invalid character.
src/lib/blog-data.ts(1,50711): error TS1005: ',' expected.
src/lib/blog-data.ts(1,50761): error TS1127: Invalid character.
src/lib/blog-data.ts(1,50771): error TS1005: ',' expected.
src/lib/blog-data.ts(1,50895): error TS1127: Invalid character.
src/lib/blog-data.ts(1,50905): error TS1005: ',' expected.
src/lib/blog-data.ts(1,51122): error TS1127: Invalid character.
src/lib/blog-data.ts(1,51132): error TS1005: ',' expected.
src/lib/blog-data.ts(1,51739): error TS1127: Invalid character.
src/lib/blog-data.ts(1,51749): error TS1005: ',' expected.
src/lib/blog-data.ts(1,51764): error TS1127: Invalid character.
src/lib/blog-data.ts(1,51772): error TS1127: Invalid character.
src/lib/blog-data.ts(1,51778): error TS1005: ',' expected.
src/lib/blog-data.ts(1,51779): error TS1127: Invalid character.
src/lib/blog-data.ts(1,51789): error TS1005: ',' expected.
src/lib/blog-data.ts(1,51828): error TS1127: Invalid character.
src/lib/blog-data.ts(1,51838): error TS1005: ',' expected.
src/lib/blog-data.ts(1,51906): error TS1127: Invalid character.
src/lib/blog-data.ts(1,51916): error TS1005: ',' expected.
src/lib/blog-data.ts(1,52001): error TS1127: Invalid character.
src/lib/blog-data.ts(1,52011): error TS1005: ',' expected.
src/lib/blog-data.ts(1,52031): error TS1127: Invalid character.
src/lib/blog-data.ts(1,52041): error TS1005: ',' expected.
src/lib/blog-data.ts(1,52057): error TS1127: Invalid character.
src/lib/blog-data.ts(1,52067): error TS1005: ',' expected.
src/lib/blog-data.ts(1,52237): error TS1127: Invalid character.
src/lib/blog-data.ts(1,52247): error TS1005: ',' expected.
src/lib/blog-data.ts(1,101181): error TS1127: Invalid character.
src/lib/blog-data.ts(1,101191): error TS1005: ',' expected.
src/lib/blog-data.ts(1,101336): error TS1127: Invalid character.
src/lib/blog-data.ts(1,101346): error TS1005: ',' expected.
src/lib/blog-data.ts(1,101390): error TS1127: Invalid character.
src/lib/blog-data.ts(1,101400): error TS1005: ',' expected.
src/lib/blog-data.ts(1,101513): error TS1127: Invalid character.
src/lib/blog-data.ts(1,101523): error TS1005: ',' expected.
src/lib/blog-data.ts(1,101741): error TS1127: Invalid character.
src/lib/blog-data.ts(1,101751): error TS1005: ',' expected.
src/lib/blog-data.ts(1,102302): error TS1127: Invalid character.
src/lib/blog-data.ts(1,102312): error TS1005: ',' expected.
src/lib/blog-data.ts(1,102333): error TS1127: Invalid character.
src/lib/blog-data.ts(1,102341): error TS1127: Invalid character.
src/lib/blog-data.ts(1,102347): error TS1005: ',' expected.
src/lib/blog-data.ts(1,102348): error TS1127: Invalid character.
src/lib/blog-data.ts(1,102358): error TS1005: ',' expected.
src/lib/blog-data.ts(1,102406): error TS1127: Invalid character.
src/lib/blog-data.ts(1,102416): error TS1005: ',' expected.
src/lib/blog-data.ts(1,102485): error TS1127: Invalid character.
src/lib/blog-data.ts(1,102495): error TS1005: ',' expected.
src/lib/blog-data.ts(1,102577): error TS1127: Invalid character.
src/lib/blog-data.ts(1,102587): error TS1005: ',' expected.
src/lib/blog-data.ts(1,102607): error TS1127: Invalid character.
src/lib/blog-data.ts(1,102617): error TS1005: ',' expected.
src/lib/blog-data.ts(1,102633): error TS1127: Invalid character.
src/lib/blog-data.ts(1,102643): error TS1005: ',' expected.
src/lib/blog-data.ts(1,102807): error TS1127: Invalid character.
src/lib/blog-data.ts(1,102817): error TS1005: ',' expected.
src/lib/blog-data.ts(1,151931): error TS1127: Invalid character.
src/lib/blog-data.ts(1,151941): error TS1005: ',' expected.
src/lib/blog-data.ts(1,152066): error TS1127: Invalid character.
src/lib/blog-data.ts(1,152076): error TS1005: ',' expected.
src/lib/blog-data.ts(1,152130): error TS1127: Invalid character.
src/lib/blog-data.ts(1,152140): error TS1005: ',' expected.
src/lib/blog-data.ts(1,152269): error TS1127: Invalid character.
src/lib/blog-data.ts(1,152279): error TS1005: ',' expected.
src/lib/blog-data.ts(1,152506): error TS1127: Invalid character.
src/lib/blog-data.ts(1,152516): error TS1005: ',' expected.
src/lib/blog-data.ts(1,153099): error TS1127: Invalid character.
src/lib/blog-data.ts(1,153109): error TS1005: ',' expected.
src/lib/blog-data.ts(1,153124): error TS1127: Invalid character.
src/lib/blog-data.ts(1,153132): error TS1127: Invalid character.
src/lib/blog-data.ts(1,153138): error TS1005: ',' expected.
src/lib/blog-data.ts(1,153139): error TS1127: Invalid character.
src/lib/blog-data.ts(1,153149): error TS1005: ',' expected.
src/lib/blog-data.ts(1,153183): error TS1127: Invalid character.
src/lib/blog-data.ts(1,153193): error TS1005: ',' expected.
src/lib/blog-data.ts(1,153252): error TS1127: Invalid character.
src/lib/blog-data.ts(1,153262): error TS1005: ',' expected.
src/lib/blog-data.ts(1,153345): error TS1127: Invalid character.
src/lib/blog-data.ts(1,153355): error TS1005: ',' expected.
src/lib/blog-data.ts(1,153375): error TS1127: Invalid character.
src/lib/blog-data.ts(1,153385): error TS1005: ',' expected.
src/lib/blog-data.ts(1,153401): error TS1127: Invalid character.
src/lib/blog-data.ts(1,153411): error TS1005: ',' expected.
src/lib/blog-data.ts(1,153587): error TS1127: Invalid character.
src/lib/blog-data.ts(1,153597): error TS1005: ',' expected.
src/lib/blog-data.ts(1,202835): error TS1127: Invalid character.
src/lib/blog-data.ts(1,202845): error TS1005: ',' expected.
src/lib/blog-data.ts(1,202997): error TS1127: Invalid character.
src/lib/blog-data.ts(1,203007): error TS1005: ',' expected.
src/lib/blog-data.ts(1,203055): error TS1127: Invalid character.
src/lib/blog-data.ts(1,203065): error TS1005: ',' expected.
src/lib/blog-data.ts(1,203193): error TS1127: Invalid character.
src/lib/blog-data.ts(1,203203): error TS1005: ',' expected.
src/lib/blog-data.ts(1,203466): error TS1127: Invalid character.
src/lib/blog-data.ts(1,203476): error TS1005: ',' expected.
src/lib/blog-data.ts(1,203991): error TS1127: Invalid character.
src/lib/blog-data.ts(1,204001): error TS1005: ',' expected.
src/lib/blog-data.ts(1,204016): error TS1127: Invalid character.
src/lib/blog-data.ts(1,204024): error TS1127: Invalid character.
src/lib/blog-data.ts(1,204030): error TS1005: ',' expected.
src/lib/blog-data.ts(1,204031): error TS1127: Invalid character.
src/lib/blog-data.ts(1,204041): error TS1005: ',' expected.
src/lib/blog-data.ts(1,204081): error TS1127: Invalid character.
src/lib/blog-data.ts(1,204091): error TS1005: ',' expected.
src/lib/blog-data.ts(1,204153): error TS1127: Invalid character.
src/lib/blog-data.ts(1,204163): error TS1005: ',' expected.
src/lib/blog-data.ts(1,204252): error TS1127: Invalid character.
src/lib/blog-data.ts(1,204262): error TS1005: ',' expected.
src/lib/blog-data.ts(1,204282): error TS1127: Invalid character.
src/lib/blog-data.ts(1,204292): error TS1005: ',' expected.
src/lib/blog-data.ts(1,204308): error TS1127: Invalid character.
src/lib/blog-data.ts(1,204318): error TS1005: ',' expected.
src/lib/blog-data.ts(1,204472): error TS1127: Invalid character.
src/lib/blog-data.ts(1,204482): error TS1005: ',' expected.
src/lib/blog-data.ts(1,253916): error TS1127: Invalid character.
src/lib/blog-data.ts(1,253926): error TS1005: ',' expected.
src/lib/blog-data.ts(1,254079): error TS1127: Invalid character.
src/lib/blog-data.ts(1,254089): error TS1005: ',' expected.
src/lib/blog-data.ts(1,254142): error TS1127: Invalid character.
src/lib/blog-data.ts(1,254152): error TS1005: ',' expected.
src/lib/blog-data.ts(1,254279): error TS1127: Invalid character.
src/lib/blog-data.ts(1,254289): error TS1005: ',' expected.
src/lib/blog-data.ts(1,254561): error TS1127: Invalid character.
src/lib/blog-data.ts(1,254571): error TS1005: ',' expected.
src/lib/blog-data.ts(1,255153): error TS1127: Invalid character.
src/lib/blog-data.ts(1,255163): error TS1005: ',' expected.
src/lib/blog-data.ts(1,255186): error TS1127: Invalid character.
src/lib/blog-data.ts(1,255193): error TS1127: Invalid character.
src/lib/blog-data.ts(1,255197): error TS1127: Invalid character.
